// Jest Snapshot v1, https://goo.gl/fbAQLP

exports[`Header Component renders learn react link 1`] = `
<DocumentFragment>
  <div
    class="headerStyle"
  >
    <h1
      id="title"
    >
      test title
    </h1>
  </div>
</DocumentFragment>
`;
